usrs
names
user
users
admin
admins
adminlogin
adminstrators
account
access
login
member
members
user_login
phpbb_users
usr
usr2
accounts
usern
user_admn
user_adm
customers
customer
config
conf
cfg
hash
auth
authenticate
authentication
logout
loginout
log
clients
sessions
uyeler
usuario
cms_users
current_currency
login_table
authuser
supernews_login
dbminibill.tblorders
dbminibill
tblorders
tblUsers
tblAdmin
teachers
students
radclassifieds_signups
rafia_admin_sess
mem_user
m_manager
pages
demo_users
demo_user
demo_admin
demo_admins
ecs_admin_user
sennik
security_users
security_user
security_admins
security_admin
iware_users
iware_user
iware_admmin
iware_admins
usuarios
phpss_account
md_users
md_user
md_admin
md_admins
infos
inselphoto_users
inselphoto_user
inselphoto_admin
inselphoto_admins
glpi_rules_actions
glpi_rules_criterias
tblConfig
wp_users
wp_user
wp_admins
wp_admin
mos_users
wsnguest_members
wsnguest_member
wsnguest_user
wsnguest_users
wsnguest_admins
wsnguest_admin
fusion_users
fusion_user
fusion_admin
fusion_admins
website_users
website_user
website_admin
website_admins
maj_users
maj_user
maj_admins
maj_admin
adminusers
adminuser
tbl_admin
BDT_USER
BDT_USERS
BDT_ADMINS
BDT_ADMIN
Directory
TBLsites
tbldoctor
bcoos_user
bcoos_users
bcoos_admins
bcoos_admin
mx_user
mx_users
mx_admin
mx_admins
